3
4
5
let
wit
ing
put
ten
met
ass
ini
bit
lit
men
job
get
rat
cut
mix
our
are
owe
win
all
con
hit
the
use
pre
ran
ist
ate
you
art
per
era
ton
her
end
ter
lot
old
one
and
low
fit
was
fan
too
ill
dec
add
tho
pay
row
tra
ver
act
mad
sat
awe
nor
ive
can
new
car
had
ish
for
tan
pro
she
lea
ice
not
age
two
cat
got
off
far
lay
wee
tea
try
day
kid
est
sin
way
red
etc
par
sit
ser
com
cos
led
sum
fed
see
own
son
mum
por
out
via
saw
fun
rid
ear
ink
now
eat
his
hes
mid
but
eye
han
ugh
ron
bar
who
ask
dit
yea
fav
how
pop
bad
due
bug
don
sci
sad
set
ame
hot
man
dry
ago
air
lie
fly
run
did
bat
law
bed
tip
leg
cry
has
mom
tie
bag
yes
boy
top
ese
gem
him
bus
map
war
fix
amo
odd
wat
its
app
tal
owl
mil
dog
las
pun
arc
nth
che
buy
egg
fat
der
dia
ler
mal
pig
key
tom
mis
pet
sun
beg
big
alt
hid
que
dat
any
box
eso
sex
del
rip
nos
sea
sky
ama
leo
hog
und
ban
sus
lee
aug
mon
mas
til
den
ans
hut
yer
aka
itu
bet
pen
dig
net
nov
asi
boa
ele
los
eve
lei
dio
una
vas
tak
gap
ale
ont
fue
min
tag
les
bow
non
hal
sem
imo
rob
uni
sue
ein
ook
dan
aun
boo
fin
tem
qui
ins
arm
nel
ora
ref
tim
ani
hop
pan
sam
chi
hat
ada
lil
esa
nut
poi
inc
sub
api
pat
aid
umm
bin
lad
def
uno
doo
oli
oct
nit
mes
vol
lap
bir
din
pra
pie
tha
mit
dis
sis
uit
ect
sur
cap
ben
mai
int
ali
ilk
pub
max
dos
mia
eva
dal
raw
flu
wer
ile
des
gue
dar
pot
bon
elf
har
ven
dip
log
ide
apa
mud
wel
bom
woo
ray
cup
toe
ant
aim
gar
ero	
ion
tio
ati
ent
ess
ine
nce
res
cti
tic
sth
sta
ste
ica
tin
str
tor
			
rea
ite
lin
ble
rin
cal
nte
anc
ity
ure
oun
eri
ain
ers
nal
iti
ted
tur
sti
ons
ort
lan
lat
ell
igh
tri
nes
ial
ous
gra
